App tables (public schema):
  [ok]   households             rls=on
  [ok]   household_members      rls=on
  [ok]   household_settings     rls=on
  [ok]   categories             rls=on
  [ok]   category_aliases       rls=on
  [ok]   budget_months          rls=on
  [ok]   budget_lines           rls=on
  [ok]   receipts               rls=on
  [ok]   receipt_items          rls=on
  [ok]   transaction_groups     rls=on
  [ok]   transactions           rls=on
  [ok]   savings_rules          rls=on
  [ok]   savings_proposals      rls=on

Enum types:
  [ok]   transaction_type
  [ok]   receipt_status
  [ok]   savings_rule_type
  [ok]   proposal_status
  [ok]   transaction_source

Storage bucket 'receipts':
  [ok]   id=receipts name=receipts
         public=False size_limit=10485760 mimes=['image/jpeg', 'image/png', 'image/webp', 'application/pdf']

Placeholder household:
  [ok]   00000000-0000-0000-0000-000000000000 name='Smoke Test Household'
  [ok]   household_settings currency=DKK shift_late_income=False

Active categories for placeholder household:
  [ok]   income   3
  [ok]   expense  17
  [ok]   savings  3

household_members rows for placeholder: 0 (0 expected — needs an auth user link)

VERIFY: PASS
